// 重构日志: cfb0892f
// 重构日志: 3883907f
// 重构日志: 5ba96609
// 重构日志: 1dc8344d
// 重构日志: 016cf88e
// 重构日志: 04ec0d11
// 重构日志: 0b14cca7
// 重构日志: 09864b6a
// 同步 ID: a8be1ce7 @ Sat Jul 18 21:35:25 UTC 2026
// 同步 ID: c65e9878 @ Sun Jul 19 01:12:05 UTC 2026
// 重构日志: b7c71fc8
// 重构日志: fefcf4dc
// 同步 ID: 1317680c @ Mon Jul 20 17:27:00 UTC 2026
// 重构日志: c89593ae
// 重构日志: f49bde63
// 重构日志: a3d5b5f9
// 同步 ID: 5521a49e @ Sun Jul 26 09:09:24 UTC 2026
// 重构日志: d6366071
// 重构日志: a6a2155b
// 重构日志: c61821e7
// 重构日志: 2a652a2a
// 重构日志: c35b727f
// 重构日志: 3f94bbf4
// 重构日志: 477e905e
// 重构日志: 1af8c775
// 重构日志: 0049eb7f
// 重构日志: 2632e72c
// 重构日志: 03ad212d
// 重构日志: 5791b9a2
// 同步 ID: 6809c40d @ Thu Aug  6 12:49:15 UTC 2026
// 重构日志: 548185a4
// 重构日志: 4d485317
// 重构日志: 8635d106
